// Jest Snapshot v1, https://goo.gl/fbAQLP

exports[`Header component should match snapshot 1`] = `
Object {
  "asFragment": [Function],
  "baseElement": <body>
    <div>
      <header
        class="sc-bdnxRM llzvJy"
      >
        <div
          class="header__container"
        >
          <div
            class="header__mobile"
          >
            <div
              class="header__drawer menu header__drawer--active"
            >
              <img
                alt="menu"
                class="menu__img"
                src="assets/menu.svg"
              />
              <p
                class="menu__title"
              >
                menu
              </p>
            </div>
            <div
              class="header__drawer close"
            >
              <img
                alt="fechar menu"
                src="assets/close.svg"
              />
              <p
                class="close__title"
              >
                fechar
              </p>
            </div>
            <h1
              class="header__logo"
            >
              <img
                alt="Logo"
                class="header__img"
                src="assets/rchlo.svg"
              />
            </h1>
          </div>
          <div
            class="header__desktop"
          >
            <h1
              class="header__logo"
            >
              <img
                alt="Logo"
                class="header__img"
                src="assets/riachuelo.svg"
              />
            </h1>
          </div>
          <div
            class="header__search"
          >
            <img
              alt="lupa"
              class="header__icon"
              src="assets/search.svg"
            />
            <input
              class="header__input"
              placeholder="O que você está procurando?"
              type="search"
            />
          </div>
          <div>
            Menu
          </div>
        </div>
      </header>
    </div>
  </body>,
  "container": <div>
    <header
      class="sc-bdnxRM llzvJy"
    >
      <div
        class="header__container"
      >
        <div
          class="header__mobile"
        >
          <div
            class="header__drawer menu header__drawer--active"
          >
            <img
              alt="menu"
              class="menu__img"
              src="assets/menu.svg"
            />
            <p
              class="menu__title"
            >
              menu
            </p>
          </div>
          <div
            class="header__drawer close"
          >
            <img
              alt="fechar menu"
              src="assets/close.svg"
            />
            <p
              class="close__title"
            >
              fechar
            </p>
          </div>
          <h1
            class="header__logo"
          >
            <img
              alt="Logo"
              class="header__img"
              src="assets/rchlo.svg"
            />
          </h1>
        </div>
        <div
          class="header__desktop"
        >
          <h1
            class="header__logo"
          >
            <img
              alt="Logo"
              class="header__img"
              src="assets/riachuelo.svg"
            />
          </h1>
        </div>
        <div
          class="header__search"
        >
          <img
            alt="lupa"
            class="header__icon"
            src="assets/search.svg"
          />
          <input
            class="header__input"
            placeholder="O que você está procurando?"
            type="search"
          />
        </div>
        <div>
          Menu
        </div>
      </div>
    </header>
  </div>,
  "debug": [Function],
  "findAllByAltText": [Function],
  "findAllByDisplayValue": [Function],
  "findAllByLabelText": [Function],
  "findAllByPlaceholderText": [Function],
  "findAllByRole": [Function],
  "findAllByTestId": [Function],
  "findAllByText": [Function],
  "findAllByTitle": [Function],
  "findByAltText": [Function],
  "findByDisplayValue": [Function],
  "findByLabelText": [Function],
  "findByPlaceholderText": [Function],
  "findByRole": [Function],
  "findByTestId": [Function],
  "findByText": [Function],
  "findByTitle": [Function],
  "getAllByAltText": [Function],
  "getAllByDisplayValue": [Function],
  "getAllByLabelText": [Function],
  "getAllByPlaceholderText": [Function],
  "getAllByRole": [Function],
  "getAllByTestId": [Function],
  "getAllByText": [Function],
  "getAllByTitle": [Function],
  "getByAltText": [Function],
  "getByDisplayValue": [Function],
  "getByLabelText": [Function],
  "getByPlaceholderText": [Function],
  "getByRole": [Function],
  "getByTestId": [Function],
  "getByText": [Function],
  "getByTitle": [Function],
  "queryAllByAltText": [Function],
  "queryAllByDisplayValue": [Function],
  "queryAllByLabelText": [Function],
  "queryAllByPlaceholderText": [Function],
  "queryAllByRole": [Function],
  "queryAllByTestId": [Function],
  "queryAllByText": [Function],
  "queryAllByTitle": [Function],
  "queryByAltText": [Function],
  "queryByDisplayValue": [Function],
  "queryByLabelText": [Function],
  "queryByPlaceholderText": [Function],
  "queryByRole": [Function],
  "queryByTestId": [Function],
  "queryByText": [Function],
  "queryByTitle": [Function],
  "rerender": [Function],
  "unmount": [Function],
}
`;
