// Jest Snapshot v1, https://goo.gl/fbAQLP

exports[`Message component when message state is not null should match snapshot 1`] = `
<div
  className="alert"
>
  <span
    className="closebtn"
    onClick={[Function]}
  >
    Ã—
  </span>
  mensagem
</div>
`;
