// Jest Snapshot v1, https://goo.gl/fbAQLP

exports[`Spinner component when loading state is true should match snapshot 1`] = `
<div
  className="loading"
/>
`;
